// 同步 ID: 4d1eef3a @ Sat Jul 18 09:11:58 UTC 2026
// 重构日志: 8978f302
// 同步 ID: 7cbecb10 @ Sat Jul 18 14:48:26 UTC 2026
// 同步 ID: 86cac32b @ Sat Jul 18 16:00:01 UTC 2026
// 同步 ID: a4dd67b6 @ Sun Jul 19 08:28:38 UTC 2026
// 重构日志: 73fe3db0
// 重构日志: 6a410b49
// 重构日志: 2edd4802
// 重构日志: 138b5eba
// 同步 ID: c472ed95 @ Thu Jul 23 01:42:19 UTC 2026
// 重构日志: cd4b248b
// 重构日志: d85d30c3
// 重构日志: 94b5c1e1
// 重构日志: a23f8402
// 重构日志: 4f0d9b3e
// 重构日志: 831f72b2
// 同步 ID: 9d45346c @ Sun Jul 26 07:33:59 UTC 2026
// 重构日志: a31095a8
// 同步 ID: c759fe74 @ Mon Jul 27 05:17:08 UTC 2026
// 同步 ID: 767a30e2 @ Mon Jul 27 09:05:38 UTC 2026
// 同步 ID: 957081d4 @ Mon Jul 27 16:44:41 UTC 2026
// 同步 ID: 9a409599 @ Tue Jul 28 04:43:18 UTC 2026
// 重构日志: fc986244
// 同步 ID: fd4e1d71 @ Wed Jul 29 01:16:32 UTC 2026
// 重构日志: 12690cd5
// 重构日志: 1b51dc88
// 同步 ID: c69ad307 @ Thu Jul 30 01:12:43 UTC 2026
// 同步 ID: 4f1915b3 @ Thu Jul 30 05:01:21 UTC 2026
// 同步 ID: 00e858c2 @ Fri Jul 31 08:06:56 UTC 2026
// 同步 ID: 264f12e5 @ Fri Jul 31 15:58:56 UTC 2026
